Godot Engine v4.6.1.stable.official.14d19694e - https://godotengine.org
OpenGL API 3.3.0 NVIDIA 591.55 - Compatibility - Using Device: NVIDIA - NVIDIA GeForce RTX 4050 Laptop GPU

ERROR: Failed to read the root certificate store.
   at: get_system_ca_certificates (platform/windows/os_windows.cpp:2570)
[JRPGWorld] Built 400 x 400 terrain; seed=7319
ERROR: Condition "f.is_null()" is true.
   at: _save_to_cache (drivers/gles3/shader_gles3.cpp:645)
ERROR: Condition "f.is_null()" is true.
   at: _save_to_cache (drivers/gles3/shader_gles3.cpp:645)
ERROR: Condition "f.is_null()" is true.
   at: _save_to_cache (drivers/gles3/shader_gles3.cpp:645)
ERROR: Condition "f.is_null()" is true.
   at: _save_to_cache (drivers/gles3/shader_gles3.cpp:645)
ERROR: Condition "f.is_null()" is true.
   at: _save_to_cache (drivers/gles3/shader_gles3.cpp:645)
ERROR: Condition "f.is_null()" is true.
   at: _save_to_cache (drivers/gles3/shader_gles3.cpp:645)
ERROR: Condition "f.is_null()" is true.
   at: _save_to_cache (drivers/gles3/shader_gles3.cpp:645)
ERROR: Texture with GL ID of 44: leaked 349524 bytes.
   at: ~Utilities (drivers/gles3/storage/utilities.cpp:77)
ERROR: Texture with GL ID of 45: leaked 349524 bytes.
   at: ~Utilities (drivers/gles3/storage/utilities.cpp:77)
