Godot Engine v4.6.1.stable.official.14d19694e - https://godotengine.org

ERROR: Failed to read the root certificate store.
   at: get_system_ca_certificates (platform/windows/os_windows.cpp:2570)
[JRPGWorld] Built 400 x 400 terrain; seed=7319
PASS: Sample spawns the configured Meshy model
PASS: Sample uses the paladin GLB
PASS: Idle and walk import successfully
PASS: Walk keeps its original loop duration
PASS: All 24 bones are imported
PASS: Skin and color / normal / roughness textures are retained
PASS: Movement animates the skeleton
PASS: Sprint reuses the walk at the existing moderate cadence
PASS: Sprint does not restart the walk
PASS: Stopping returns the feet to the planted idle pose
PASS: Model faces movement (1.0, 0.0, 0.0)
PASS: Model faces movement (0.0, 0.0, -1.0)
PASS: Model faces movement (-1.0, 0.0, 0.0)
PASS: Model faces movement (0.0, 0.0, 1.0)
PASS: Original 2D mode still works
PASS: Returning to the paladin preserves position
