Godot Engine v4.6.1.stable.official.14d19694e - https://godotengine.org

[JRPGWorld] Built 400 x 400 terrain; seed=7319
PASS: Initial Character 001 is matched to the placed roster
PASS: idle: switches in roster order to charcter002
PASS: Actor identity and position stay unchanged
PASS: Current movement animation is preserved
PASS: Facing and source orientation are correct
PASS: Player displays only the selected 3D model
PASS: HUD shows the selected character
PASS: idle: switches in roster order to charcter003
PASS: Actor identity and position stay unchanged
PASS: Current movement animation is preserved
PASS: Facing and source orientation are correct
PASS: Player displays only the selected 3D model
PASS: HUD shows the selected character
PASS: idle: switches in roster order to charcter001
PASS: Actor identity and position stay unchanged
PASS: Current movement animation is preserved
PASS: Facing and source orientation are correct
PASS: Player displays only the selected 3D model
PASS: HUD shows the selected character
PASS: Full roster wraps back to Character 001
PASS: walk: switches in roster order to charcter002
PASS: Actor identity and position stay unchanged
PASS: Current movement animation is preserved
PASS: Facing and source orientation are correct
PASS: Player displays only the selected 3D model
PASS: HUD shows the selected character
PASS: Gait phase survives replacement
PASS: walk: switches in roster order to charcter003
PASS: Actor identity and position stay unchanged
PASS: Current movement animation is preserved
PASS: Facing and source orientation are correct
PASS: Player displays only the selected 3D model
PASS: HUD shows the selected character
PASS: Gait phase survives replacement
PASS: walk: switches in roster order to charcter001
PASS: Actor identity and position stay unchanged
PASS: Current movement animation is preserved
PASS: Facing and source orientation are correct
PASS: Player displays only the selected 3D model
PASS: HUD shows the selected character
PASS: Gait phase survives replacement
PASS: Full roster wraps back to Character 001
PASS: run: switches in roster order to charcter002
PASS: Actor identity and position stay unchanged
PASS: Current movement animation is preserved
PASS: Facing and source orientation are correct
PASS: Player displays only the selected 3D model
PASS: HUD shows the selected character
PASS: Gait phase survives replacement
PASS: run: switches in roster order to charcter003
PASS: Actor identity and position stay unchanged
PASS: Current movement animation is preserved
PASS: Facing and source orientation are correct
PASS: Player displays only the selected 3D model
PASS: HUD shows the selected character
PASS: Gait phase survives replacement
PASS: run: switches in roster order to charcter001
PASS: Actor identity and position stay unchanged
PASS: Current movement animation is preserved
PASS: Facing and source orientation are correct
PASS: Player displays only the selected 3D model
PASS: HUD shows the selected character
PASS: Gait phase survives replacement
PASS: Full roster wraps back to Character 001
PASS: Button release and keyboard repeat do not switch
PASS: Placed NPC is not replaced
PASS: Placed NPC is not replaced
PASS: Placed NPC is not replaced
PASS: Placed NPC is not replaced
PASS: Placed NPC is not replaced
PASS: Placed NPC is not replaced
PASS: Right face button cancels battle selection without switching character
PASS: Battle keeps the same gameplay hero when the model changes
PASS: Switching also works in battle
PASS: Switching also works in dialogue without advancing it
PASS: Right face button closes dialogue without switching character
TRIPO_SWITCHING: PASSED
