Godot Engine v4.6.1.stable.official.14d19694e - https://godotengine.org
OpenGL API 3.3.0 NVIDIA 591.55 - Compatibility - Using Device: NVIDIA - NVIDIA GeForce RTX 4050 Laptop GPU

ERROR: Failed to read the root certificate store.
   at: get_system_ca_certificates (platform/windows/os_windows.cpp:2570)
[JRPGWorld] Built 400 x 400 terrain; seed=7319
PASS: Sample spawns the hero2 GLB
PASS: Imported AnimationPlayer exists
PASS: Imported clip: idle
PASS: Duration and loop preserved: idle
PASS: Imported clip: walk
PASS: Duration and loop preserved: walk
PASS: Imported clip: run
PASS: Duration and loop preserved: run
PASS: All 26 bones, including cape chains, imported
PASS: Skin and Toon ShaderMaterial imported
PASS: Original Base Color texture retained
PASS: GLB post-import applied the Toon look
SCRIPT ERROR: Invalid call. Nonexistent function 'get_skeleton' in base 'MeshInstance3D'.
   at: run (res://scripts/world_jrpg/verify_meshy_hero2.gd:56)
   GDScript backtrace (most recent call first):
       [0] run (res://scripts/world_jrpg/verify_meshy_hero2.gd:56)
ERROR: Condition "f.is_null()" is true.
   at: _save_to_cache (drivers/gles3/shader_gles3.cpp:645)
ERROR: Condition "f.is_null()" is true.
   at: _save_to_cache (drivers/gles3/shader_gles3.cpp:645)
ERROR: Condition "f.is_null()" is true.
   at: _save_to_cache (drivers/gles3/shader_gles3.cpp:645)
