Godot Engine v4.6.1.stable.official.14d19694e - https://godotengine.org

[JRPGWorld] Built 400 x 400 terrain; seed=7319
PASS: Initial Character 001 is matched to the placed roster
PASS: Character 001 equips the two-handed greatsword
PASS: Holding guard raises the greatsword
PASS: Cannot attack while guarding
PASS: Releasing guard returns to idle
PASS: idle: switches in roster order to charcter002
PASS: Character 002 equips a dagger in each hand
PASS: Actor identity and position stay unchanged
PASS: Current movement animation is preserved
PASS: Facing and source orientation are correct
PASS: Player displays only the selected 3D model
PASS: HUD shows the selected character
PASS: idle: switches in roster order to charcter003
PASS: Actor identity and position stay unchanged
PASS: Current movement animation is preserved
PASS: Facing and source orientation are correct
PASS: Player displays only the selected 3D model
PASS: HUD shows the selected character
PASS: idle: switches in roster order to charcter004
PASS: Character 004 equips the one-handed sword and shield
PASS: Actor identity and position stay unchanged
PASS: Current movement animation is preserved
PASS: Facing and source orientation are correct
PASS: Player displays only the selected 3D model
PASS: HUD shows the selected character
PASS: idle: switches in roster order to charcter005
PASS: Character 005 equips the two-handed axe
PASS: Actor identity and position stay unchanged
PASS: Current movement animation is preserved
PASS: Facing and source orientation are correct
PASS: Player displays only the selected 3D model
PASS: HUD shows the selected character
PASS: idle: switches in roster order to charcter006
PASS: Character 006 equips the bow
PASS: Actor identity and position stay unchanged
PASS: Current movement animation is preserved
PASS: Facing and source orientation are correct
PASS: Player displays only the selected 3D model
PASS: HUD shows the selected character
PASS: idle: switches in roster order to character007
PASS: Actor identity and position stay unchanged
PASS: Character 007 wears the sheathed katana
PASS: Current movement animation is preserved
PASS: Facing and source orientation are correct
PASS: Player displays only the selected 3D model
PASS: HUD shows the selected character
ERROR: BUG: Unreferenced static string to 0: _exit_world
   at: unref (core/string/string_name.cpp:116)
ERROR: BUG: Unreferenced static string to 0: markers
   at: unref (core/string/string_name.cpp:116)
ERROR: BUG: Unreferenced static string to 0: _compression
   at: unref (core/string/string_name.cpp:116)
ERROR: BUG: Unreferenced static string to 0: _request_gizmo_for_id
   at: unref (core/string/string_name.cpp:116)
ERROR: BUG: Unreferenced static string to 0: _enter_world
   at: unref (core/string/string_name.cpp:116)
ERROR: BUG: Unreferenced static string to 0: servers
   at: unref (core/string/string_name.cpp:116)
ERROR: BUG: Unreferenced static string to 0: Variant
   at: unref (core/string/string_name.cpp:116)
ERROR: BUG: Unreferenced static string to 0: @warning_ignore_restore
   at: unref (core/string/string_name.cpp:116)
ERROR: BUG: Unreferenced static string to 0: @warning_ignore_start
   at: unref (core/string/string_name.cpp:116)
ERROR: BUG: Unreferenced static string to 0: @export_group
   at: unref (core/string/string_name.cpp:116)
ERROR: BUG: Unreferenced static string to 0: @export_category
   at: unref (core/string/string_name.cpp:116)
ERROR: BUG: Unreferenced static string to 0: @export_flags
   at: unref (core/string/string_name.cpp:116)
ERROR: BUG: Unreferenced static string to 0: @export_node_path
   at: unref (core/string/string_name.cpp:116)
ERROR: BUG: Unreferenced static string to 0: @export_placeholder
   at: unref (core/string/string_name.cpp:116)
ERROR: BUG: Unreferenced static string to 0: @export_multiline
   at: unref (core/string/string_name.cpp:116)
ERROR: BUG: Unreferenced static string to 0: @export_enum
   at: unref (core/string/string_name.cpp:116)
ERROR: BUG: Unreferenced static string to 0: @icon
   at: unref (core/string/string_name.cpp:116)
ERROR: BUG: Unreferenced static string to 0: @tool
   at: unref (core/string/string_name.cpp:116)
WARNING: A Thread object is being destroyed without its completion having been realized.
Please call wait_to_finish() on it to ensure correct cleanup.
   at: ~Thread (core/os/thread.cpp:102)
ERROR: 7 RID allocations of type '23NavMeshGeometryParser2D' were leaked at exit.
ERROR: 6 RID allocations of type '23NavMeshGeometryParser3D' were leaked at exit.
ERROR: Pages in use exist at exit in PagedAllocator: N7Variant5Pools11BucketLargeE
   at: ~PagedAllocator (./core/templates/paged_allocator.h:169)
