Godot Engine v4.6.1.stable.official.14d19694e - https://godotengine.org
OpenGL API 3.3.0 NVIDIA 591.55 - Compatibility - Using Device: NVIDIA - NVIDIA GeForce RTX 4050 Laptop GPU

ERROR: Failed to read the root certificate store.
   at: get_system_ca_certificates (platform/windows/os_windows.cpp:2570)
PASS: Character007 imports walk-only animation
PASS: placed actor loops walk
PASS: Face007 and Body007 share one skeleton
[JRPGWorld] Built 400 x 400 terrain; seed=7319
PASS: JRPGWorldSample places Character007 as seventh roster actor
PASS: Character007 has no equipped weapon or practice attacks
PASS: switching to Character007 remains unarmed
PASS: selected Character007 walks
PASS: walk-only Character007 rests without missing idle errors
ERROR: Condition "f.is_null()" is true.
   at: _save_to_cache (drivers/gles3/shader_gles3.cpp:645)
CHARACTER007: PASSED
ERROR: Texture with GL ID of 43: leaked 349524 bytes.
   at: ~Utilities (drivers/gles3/storage/utilities.cpp:77)
ERROR: Texture with GL ID of 47: leaked 349524 bytes.
   at: ~Utilities (drivers/gles3/storage/utilities.cpp:77)
WARNING: ObjectDB instances leaked at exit (run with --verbose for details).
   at: cleanup (core/object/object.cpp:2641)
ERROR: 1 resources still in use at exit (run with --verbose for details).
   at: clear (core/io/resource.cpp:810)
